// Jest Snapshot v1, https://goo.gl/fbAQLP

exports[`components/User/UserProfile.js should render correctly 1`] = `ShallowWrapper {}`;
