// Jest Snapshot v1, https://goo.gl/fbAQLP

exports[`components/Modals/EditItem.js should render correctly 1`] = `ReactWrapper {}`;
