// Jest Snapshot v1, https://goo.gl/fbAQLP

exports[`components/Modals/SignUp.js should render correctly 1`] = `ShallowWrapper {}`;
