// Jest Snapshot v1, https://goo.gl/fbAQLP

exports[`components/Modals/ViewItem.js should render correctly 1`] = `ShallowWrapper {}`;
