// Jest Snapshot v1, https://goo.gl/fbAQLP

exports[`components/Items/CreateItemForm.js should render correctly 1`] = `ShallowWrapper {}`;
