// Jest Snapshot v1, https://goo.gl/fbAQLP

exports[`components/Categories/CategoriesTabList.js should render correctly 1`] = `ShallowWrapper {}`;
