// Jest Snapshot v1, https://goo.gl/fbAQLP

exports[`components/Categories/CurrentCategoryInfo.js should render correctly 1`] = `ShallowWrapper {}`;
