// Jest Snapshot v1, https://goo.gl/fbAQLP

exports[`components/App.js should render correctly 1`] = `ShallowWrapper {}`;
