// Jest Snapshot v1, https://goo.gl/fbAQLP

exports[`components/Catalog.js should render correctly 1`] = `ShallowWrapper {}`;
