// Jest Snapshot v1, https://goo.gl/fbAQLP

exports[`components/LandingPage.js should render correctly 1`] = `ShallowWrapper {}`;
